#-----------------------------------------------------------
# Vivado v2018.3 (64-bit)
# SW Build 2405991 on Thu Dec  6 23:38:27 MST 2018
# IP Build 2404404 on Fri Dec  7 01:43:56 MST 2018
# Start of session at: Wed Jul 29 22:48:07 2020
# Process ID: 9936
# Current directory: D:/vivado_project/SEA-master/Examples/FPGA/4.Module-Interface/DAC-Interface/DAC_Demo
# Command line: vivado.exe -gui_launcher_event rodinguilauncherevent28472 D:\vivado_project\SEA-master\Examples\FPGA\4.Module-Interface\DAC-Interface\DAC_Demo\DAC_Demo.xpr
# Log file: D:/vivado_project/SEA-master/Examples/FPGA/4.Module-Interface/DAC-Interface/DAC_Demo/vivado.log
# Journal file: D:/vivado_project/SEA-master/Examples/FPGA/4.Module-Interface/DAC-Interface/DAC_Demo\vivado.jou
#-----------------------------------------------------------
start_gui
open_project D:/vivado_project/SEA-master/Examples/FPGA/4.Module-Interface/DAC-Interface/DAC_Demo/DAC_Demo.xpr
update_compile_order -fileset sources_1
launch_simulation
source testbench.tcl
update_compile_order -fileset sim_1
relaunch_sim
relaunch_sim
close_sim
